Using bundled DotNet SDK version: 10.0 win-x64
Running UnrealBuildTool: dotnet "..\..\Engine\Binaries\DotNET\UnrealBuildTool\UnrealBuildTool.dll" Mobile_defense_cloneEditor Win64 Development -Project=C:\Users\iam12\P0_reference_a\Mobile_defense_clone.uproject -WaitMutex -NoHotReloadFromIDE -MaxParallelActions=4
Log file: C:\Users\iam12\AppData\Local\UnrealBuildTool\Log.txt
Executing up to 4 actions based on MaxProcessorCount override
Using 'git status' to determine working set for adaptive non-unity build (C:\Users\iam12\P0_reference_a).
UbaServer - Listening on 0.0.0.0:1345
Creating makefile for Mobile_defense_cloneEditor (.uproject file is newer)
UHT compiled-in object format Default
Building Mobile_defense_cloneEditor...
===== Toolchain Information =====
Using ISPC compiler (C:\Program Files\Epic Games\UE_5.8\Engine\Source\ThirdParty\Intel\ISPC\bin\Windows\ispc.exe)
  Intel(r) Implicit SPMD Program Compiler (Intel(r) ISPC), 1.24.0 (build commit  @ 20250404, LLVM 18.1.2)
Using Visual Studio 14.50.35738 toolchain (C:\Program Files\Microsoft Visual Studio\18\Community\VC\Tools\MSVC\14.50.35717) and Windows 10.0.26100.0 SDK (C:\Program Files (x86)\Windows Kits\10).
=================================
Using Unreal Build Accelerator local executor to run 4 action(s)
  CPU 6 physical cores, 12 logical cores
  Memory 31.65 GB physical, 41.01 GB/48.65 GB committed
  UBA Storage capacity 40 GB
[1/4] Compile [x64] Module.Mobile_defense_clone.cpp
[2/4] Link [x64] UnrealEditor-Mobile_defense_clone.lib
   C:/Users/iam12/P0_reference_a/Intermediate/Build/Win64/x64/UnrealEditor/Development/Mobile_defense_clone/UnrealEditor-Mobile_defense_clone.lib 라이브러리 및 C:/Users/iam12/P0_reference_a/Intermediate/Build/Win64/x64/UnrealEditor/Development/Mobile_defense_clone/UnrealEditor-Mobile_defense_clone.exp 개체를 생성하고 있습니다.
[3/4] Link [x64] UnrealEditor-Mobile_defense_clone.dll
[4/4] WriteMetadata Mobile_defense_cloneEditor.target [NoUba]

Total time in Unreal Build Accelerator local executor: 15.88 seconds
Output binary: C:\Program Files\Epic Games\UE_5.8\Engine\Binaries\Win64\UnrealEditor.exe

Result: Succeeded
Total execution time: 20.25 seconds
Trace written to file C:\Users\iam12\AppData\Local\UnrealBuildTool\Trace.uba with size 6.8kb
